exports[`insert __TEST__ expresion 1`] = `
"const __TEST__ = process.env.NODE_ENV === \\"test\\" || process.env.NODE_ENV === \\"testing\\";

const __DEV__ = process.env.NODE_ENV !== \\"production\\";

console.log([__TEST__, __DEV__]);"
`;
